# Add an awesome header
alice
bar
barney
baz
bob
foo
fred
# And a footer to go with it
